---
source: tests/syntax.rs
expression: scenario
---
Scenario {
    types: [],
    subroutines: [],
    actors: [],
    dummies: [],
    events: [
        DefEvent {
            id: EventName(
                "the-bind",
            ),
            require: None,
            prerequisites: [],
            kind: Bind(
                DefEventBind {
                    dst: DstPattern(
                        Object {
                            "a": String("$A"),
                            "b": String("$B"),
                            "c": String("$_"),
                        },
                    ),
                    src: Literal(
                        Object {
                            "a": String("A"),
                            "b": String("B"),
                            "c": String("C"),
                        },
                    ),
                    no_extra: NoExtra,
                },
            ),
            no_extra: NoExtra,
        },
    ],
    no_extra: NoExtra,
}
