---
source: tests/syntax.rs
expression: scenario
---
Scenario {
    types: [],
    subroutines: [],
    actors: [],
    dummies: [],
    events: [
        DefEvent {
            id: EventName(
                "the-call",
            ),
            require: None,
            prerequisites: [],
            kind: Call(
                DefCallSub {
                    subroutine_name: SubroutineName(
                        "the-sub",
                    ),
                    input: None,
                    output: None,
                    actors: None,
                    dummies: None,
                    no_extra: NoExtra,
                },
            ),
            no_extra: NoExtra,
        },
    ],
    no_extra: NoExtra,
}
